PASS retired neighborhood indicators
PASS verdict matches final wealth across 324 scenarios
PASS tax exemption requires explicit assumption
[validation_error] invalid messages { ctx: { route: 'chat validation' }, cause: undefined }
[validation_error] invalid messages { ctx: { route: 'chat validation' }, cause: undefined }
[validation_error] invalid message { ctx: { route: 'chat validation' }, cause: undefined }
[validation_error] invalid message { ctx: { route: 'chat validation' }, cause: undefined }
PASS chat id stable and no cloud persistence
PASS local history retains all cards across reload
PASS municipality/coordinate/type gate and subtype preserved
PASS mixed valuation result/abstention survives
PASS rejects legacy, incompatible, unrequested, duplicate and invalid-interval results
PASS unavailable model explicit
PASS stored fixture remains labeled fallback
PASS search cache deduplicates concurrent/repeated same inputs
PASS Idealista adapter retains observed detailedType without inferred penthouse
PASS unknown rooms survive normalization and model adapter; observed zero survives
PASS Madrid flat demos are in scope, explicitly synthetic, illustrated and unlinked
PASS model failure retains provenance but never a territorial individual price band
PASS successful model plus market fixture never shows territorial comparison or false source
PASS quota refusal prevents paid search fetch
PASS chat tool uses shared backend and preserves abstention
PASS chat valuation preserves missing rooms
PASS known essential mismatch excluded
{
  "status": "passed",
  "checks": 50,
  "network": "blocked",
  "externalWrites": 0
}
