PASS retired neighborhood indicators
PASS verdict matches final wealth across 324 scenarios
PASS tax exemption requires explicit assumption
PASS recommend rejects missing or non-boolean confirmation before searching
PASS explicitly confirmed recommendation proceeds once
PASS cleared confirmed filters do not silently reuse profile limits
PASS omitted overrides retain profile defaults
[validation_error] invalid messages { ctx: { route: 'chat validation' }, cause: undefined }
[validation_error] invalid messages { ctx: { route: 'chat validation' }, cause: undefined }
[validation_error] invalid message { ctx: { route: 'chat validation' }, cause: undefined }
[validation_error] invalid message { ctx: { route: 'chat validation' }, cause: undefined }
PASS chat id stable and no cloud persistence
[demo_storage_unavailable] Supabase not configured { ctx: { route: 'demo conversations' }, cause: undefined }
[demo_storage_unavailable] Supabase not configured { ctx: { route: 'demo favorites' }, cause: undefined }
PASS shared conversation keeps structured cards
[validation_error] invalid conversation { ctx: { route: 'save demo conversation' }, cause: undefined }
[validation_error] invalid demo id { ctx: { route: 'save demo conversation' }, cause: undefined }
[validation_error] invalid demo messages { ctx: { route: 'save demo conversation' }, cause: undefined }
[validation_error] duplicate message id { ctx: { route: 'save demo conversation' }, cause: undefined }
[validation_error] invalid demo message { ctx: { route: 'save demo conversation' }, cause: undefined }
[validation_error] invalid demo message { ctx: { route: 'save demo conversation' }, cause: undefined }
[validation_error] invalid message cards { ctx: { route: 'save demo conversation' }, cause: undefined }
[invalid_origin] Cross-origin demo write { ctx: { route: 'save demo conversation' }, cause: undefined }
[invalid_content_type] JSON required { ctx: { route: 'save demo conversation' }, cause: undefined }
PASS invalid shared writes never reach the database
PASS shared history is returned without a user id
[validation_error] invalid favorite { ctx: { route: 'save demo favorite' }, cause: undefined }
[validation_error] invalid property code { ctx: { route: 'remove demo favorite' }, cause: undefined }
PASS shared favorite removal is scoped to a property
PASS local history retains all cards across reload
PASS municipality/coordinate/type gate and subtype preserved
PASS mixed valuation result/abstention survives
PASS rejects legacy, incompatible, unrequested, duplicate and invalid-interval results
PASS unavailable model explicit
PASS stored fixture remains labeled fallback
PASS search cache deduplicates concurrent/repeated same inputs
PASS Idealista adapter retains observed detailedType without inferred penthouse
PASS unknown rooms survive normalization and model adapter; observed zero survives
PASS Madrid flat demos are in scope, explicitly synthetic, illustrated and unlinked
PASS model failure retains provenance but never a territorial individual price band
PASS successful model plus market fixture never shows territorial comparison or false source
PASS quota refusal prevents paid search fetch
PASS chat tool uses shared backend and preserves abstention
PASS chat valuation preserves missing rooms
PASS known essential mismatch excluded
{
  "status": "passed",
  "checks": 68,
  "network": "blocked",
  "externalWrites": 0
}
