
> habitia@0.1.0 build
> next build

  ▲ Next.js 14.2.35

   Creating an optimized production build ...
 ✓ Compiled successfully
   Linting and checking validity of types ...
   Collecting page data ...
   Generating static pages (0/19) ...
   Generating static pages (4/19)
   Generating static pages (9/19)
   Generating static pages (14/19)
 ✓ Generating static pages (19/19)
   Finalizing page optimization ...
   Collecting build traces ...

Route (app)                              Size     First Load JS
┌ ○ /                                    5.59 kB         104 kB
├ ○ /_not-found                          873 B          88.7 kB
├ ƒ /api/chat                            0 B                0 B
├ ƒ /api/conversations                   0 B                0 B
├ ƒ /api/cron/market                     0 B                0 B
├ ƒ /api/cron/recommendations            0 B                0 B
├ ƒ /api/enrich                          0 B                0 B
├ ƒ /api/favorites                       0 B                0 B
├ ƒ /api/geocode                         0 B                0 B
├ ƒ /api/idealista-usage                 0 B                0 B
├ ƒ /api/notifications                   0 B                0 B
├ ƒ /api/property                        0 B                0 B
├ ƒ /api/recommend                       0 B                0 B
├ ƒ /api/valoracion                      0 B                0 B
├ ○ /chat                                73 kB           193 kB
├ ○ /como-funciona                       3.25 kB         101 kB
├ ○ /comprar-o-alquilar                  24.3 kB         122 kB
├ ○ /dashboard                           15.5 kB         135 kB
├ ƒ /datos                               3.24 kB         101 kB
├ ○ /icon.svg                            0 B                0 B
├ ○ /notificaciones                      12.5 kB         111 kB
└ ○ /presentacion                        39.3 kB         127 kB
+ First Load JS shared by all            87.8 kB
  ├ chunks/219-33337699884d2beb.js       31.7 kB
  ├ chunks/54f3277d-adc77f2bc851079e.js  53.6 kB
  └ other shared chunks (total)          2.41 kB


ƒ Middleware                             26.5 kB

○  (Static)   prerendered as static content
ƒ  (Dynamic)  server-rendered on demand
